# AcademicPulse v2 Evolution Log
- [2024-10-07 10:15:00] Feat: Implement Sentiment Analysis pipeline for student reviews
- [2024-10-07 14:08:00] UI: Integrate real-time performance analytics dashboard
- [2024-10-07 21:33:00] Cleanup: Migrate legacy monolith components to SSOA
- [2024-10-08 09:56:00] Feature: Implement smart search with composite indexing
- [2024-10-08 18:28:00] UI: Enhance accessibility for instructor public profiles
- [2024-10-08 21:04:00] Bugfix: Fix toxicity detection edge cases in Cloud Functions
- [2024-10-09 11:42:00] Feat: Implement Sentiment Analysis pipeline for student reviews
- [2024-10-09 17:25:00] Feat: Integrate pedagogical tagging via NLP
- [2024-10-10 11:37:00] UI: Enhance accessibility for instructor public profiles
- [2024-10-10 13:21:00] Feature: Add support for automated executive PDF reports
- [2024-10-10 16:08:00] Refactor: Optimize Firestore security rules for 4-tier RBAC
- [2024-10-16 10:37:00] Feat: Implement Sentiment Analysis pipeline for student reviews
- [2024-10-16 11:15:00] Bugfix: Fix toxicity detection edge cases in Cloud Functions
- [2024-10-17 10:47:00] Feat: Implement Sentiment Analysis pipeline for student reviews
- [2024-10-20 18:21:00] Feature: Implement smart search with composite indexing
- [2024-10-21 11:18:00] Fix: Resolve race condition in atomic rating submissions
- [2024-10-21 15:36:00] Feature: Implement smart search with composite indexing
- [2024-10-21 19:33:00] Feature: Add support for automated executive PDF reports
- [2024-10-22 15:54:00] Refactor: Modularize audit logging service
- [2024-10-22 19:38:00] Bugfix: Fix toxicity detection edge cases in Cloud Functions
- [2024-10-23 14:17:00] Feature: Implement smart search with composite indexing
- [2024-10-23 19:38:00] Feature: Add support for automated executive PDF reports
- [2024-10-24 16:48:00] Docs: Finalize system architecture for AcademicPulse v2
- [2024-10-25 12:30:00] Style: Refined typography for better readability in feedback stream
- [2024-10-25 14:22:00] Bugfix: Fix toxicity detection edge cases in Cloud Functions
- [2024-10-31 09:13:00] Feature: Implement smart search with composite indexing
- [2024-10-31 11:07:00] Cleanup: Migrate legacy monolith components to SSOA
- [2024-11-01 13:40:00] Feat: Implement Sentiment Analysis pipeline for student reviews
- [2024-11-01 16:18:00] Style: Refined typography for better readability in feedback stream
- [2024-11-05 17:52:00] Feat: Implement Sentiment Analysis pipeline for student reviews
- [2024-11-06 13:15:00] Refactor: Optimize Firestore security rules for 4-tier RBAC
- [2024-11-07 15:52:00] Refactor: Optimize Firestore security rules for 4-tier RBAC
- [2024-11-07 17:30:00] Feat: Implement Sentiment Analysis pipeline for student reviews
- [2024-11-07 17:39:00] Feat: Implement Sentiment Analysis pipeline for student reviews
- [2024-11-11 14:45:00] Style: Modernize management portal with Lucide icons
- [2024-11-11 16:10:00] Bugfix: Fix toxicity detection edge cases in Cloud Functions
- [2024-11-11 16:51:00] Refactor: Modularize audit logging service
- [2024-11-12 19:04:00] Perf: Implement list virtualization for review feed
- [2024-11-13 09:40:00] Bugfix: Fix toxicity detection edge cases in Cloud Functions
- [2024-11-13 11:28:00] Docs: Finalize system architecture for AcademicPulse v2
- [2024-11-13 15:46:00] Perf: Implement list virtualization for review feed
- [2024-11-15 20:05:00] Refactor: Optimize Firestore security rules for 4-tier RBAC
- [2024-11-18 11:18:00] Feature: Add support for automated executive PDF reports
- [2024-11-18 19:05:00] Refactor: Modularize audit logging service
- [2024-11-18 20:39:00] Fix: Correct mobile navigation for student portal
